// Jest Snapshot v1, https://goo.gl/fbAQLP

exports[`COMPONENT - SettingsPanel CloseButton renders correctly 1`] = `
.c0 {
  position: relative;
  border: 0;
  margin: 0;
  padding: 0;
  background: none;
  display: -webkit-box;
  display: -webkit-flex;
  display: -ms-flexbox;
  display: flex;
  -webkit-align-items: center;
  -webkit-box-align: center;
  -ms-flex-align: center;
  align-items: center;
  -webkit-box-pack: center;
  -webkit-justify-content: center;
  -ms-flex-pack: center;
  justify-content: center;
  min-width: 4rem;
  min-height: 4rem;
  cursor: pointer;
  outline: 0;
}

<button
  aria-label="Close"
  className="c0"
  data-testid="close-button"
>
  <Cross />
</button>
`;
