// Jest Snapshot v1, https://goo.gl/fbAQLP

exports[`COMPONENT - RoleButton BragButton renders correctly 1`] = `
.c0 {
  position: relative;
  display: -webkit-box;
  display: -webkit-flex;
  display: -ms-flexbox;
  display: flex;
  -webkit-align-items: center;
  -webkit-box-align: center;
  -ms-flex-align: center;
  align-items: center;
  -webkit-text-decoration: none;
  text-decoration: none;
  background-color: #21c230;
  color: #ffffff;
  padding: 0 2rem;
  margin: 2rem 0;
  border: 0;
  border-bottom: 0.3rem solid #138a1e;
  border-radius: 0.6rem;
  font-size: 1.8rem;
  font-weight: 700;
  text-align: left;
  width: 100%;
  height: 4.7rem;
  background-color: #21c230;
  border-bottom-color: #138a1e;
}

.c0:not(:disabled) {
  cursor: pointer;
}

<Link
  className="c0"
  to="/devops/brag"
>
  Brag about my efforts
  <LightbulbIcon />
</Link>
`;
