// Jest Snapshot v1, https://goo.gl/fbAQLP

exports[`COMPONENT - Section renders correctly 1`] = `
.c0 {
  position: relative;
  padding: 0;
  padding-top: 2rem;
}

<section
  className="c0"
/>
`;
