// Jest Snapshot v1, https://goo.gl/fbAQLP

exports[`COMPONENT - Error Wrapper render Cart component 1`] = `
.c0 {
  border: 2px solid #eb4640;
  color: #222222;
  background-color: #ffffff;
  font-size: 1.4rem;
  font-weight: 700;
  margin: 1rem;
  padding: 1rem;
  display: -webkit-box;
  display: -webkit-flex;
  display: -ms-flexbox;
  display: flex;
  -webkit-box-pack: center;
  -webkit-justify-content: center;
  -ms-flex-pack: center;
  justify-content: center;
  border-radius: 0.6rem;
  -webkit-align-self: start;
  -ms-flex-item-align: start;
  align-self: start;
}

<div
  className="c0"
/>
`;
