// Jest Snapshot v1, https://goo.gl/fbAQLP

exports[`COMPONENT - LandingPageAnimationProvider renders correctly 1`] = `null`;
