// Jest Snapshot v1, https://goo.gl/fbAQLP

exports[`COMPONENT - Characters Robot GenderFlower renders correctly 1`] = `
.c0 {
  top: -3.6rem;
  left: 6rem;
}

<ConfusionMarks
  className="c0"
/>
`;
