// Jest Snapshot v1, https://goo.gl/fbAQLP

exports[`COMPONENT - Characters Robot GenderFlower renders correctly 1`] = `
.c0 {
  top: 0.4rem;
  left: 0.5rem;
}

<GenderFlower
  className="c0"
/>
`;
