// Jest Snapshot v1, https://goo.gl/fbAQLP

exports[`COMPONENT - Icons LongArrow renders correctly 1`] = `
<svg
  height="17"
  viewBox="0 0 28 17"
  width="28"
  xmlns="http://www.w3.org/2000/svg"
>
  <path
    d="M19.5.015l-2.121 2.121L22.243 7H0v3h22.243l-4.864 4.864 2.121 2.121L27.985 8.5z"
    fill="#fff"
  />
</svg>
`;
