// Jest Snapshot v1, https://goo.gl/fbAQLP

exports[`COMPONENT - RoleBar Header renders correctly 1`] = `
.c0 {
  display: grid;
  grid-template-columns: 1fr auto;
  -webkit-align-items: center;
  -webkit-box-align: center;
  -ms-flex-align: center;
  align-items: center;
  padding: 0 1.4rem 0 5.4rem;
  height: 5rem;
  background-color: rgba(255,255,255,0.5);
}

@media (max-width:31.25em) {
  .c0 {
    padding-left: 2rem;
  }
}

<header
  className="c0"
/>
`;
