// Jest Snapshot v1, https://goo.gl/fbAQLP

exports[`COMPONENT - RoleButton BragButton renders correctly 1`] = `
.c1 {
  position: relative;
  display: -webkit-box;
  display: -webkit-flex;
  display: -ms-flexbox;
  display: flex;
  line-height: 1;
  -webkit-align-items: center;
  -webkit-box-align: center;
  -ms-flex-align: center;
  align-items: center;
  -webkit-text-decoration: none;
  text-decoration: none;
  background-color: #21c230;
  color: #ffffff;
  padding: 0 2rem;
  margin: 2rem 0;
  border: 0;
  border-bottom: 0.3rem solid #138a1e;
  border-radius: 0.6rem;
  font-size: 1.8rem;
  font-weight: 700;
  text-align: left;
  width: 100%;
<<<<<<< HEAD
  height: 7rem;
  background-color: #21c230;
  border-bottom-color: #138a1e;
=======
  height: 5rem;
>>>>>>> master
}

.c1:not(:disabled) {
  cursor: pointer;
}

<<<<<<< HEAD
@media (max-width:26.25em) {
  .c0 {
    height: 5rem;
  }
=======
.c0 {
  background-color: #21c230;
  border-bottom-color: #138a1e;
>>>>>>> master
}

<Link
  className="c0 c1"
  onClick={[Function]}
  onMouseDown={[Function]}
  onMouseUp={[Function]}
  style={
    Object {
      "borderBottomWidth": 3,
    }
  }
  to="/frontend/brag"
>
  Brag about my efforts
  LightbulbIcon
</Link>
`;
