// Jest Snapshot v1, https://goo.gl/fbAQLP

exports[`COMPONENT - ActionButtons SaltGrinderIcon renders correctly 1`] = `
.c0 {
  width: 8.8rem;
  position: absolute;
  bottom: -0.9rem;
  right: -0.6rem;
}

@media (max-width:31.25em) {
  .c0 {
    width: 6.6rem;
    bottom: -0.9rem;
    right: 0.4rem;
  }
}

<span
  className="c0"
>
  <SaltGrinder />
</span>
`;
