// Jest Snapshot v1, https://goo.gl/fbAQLP

exports[`COMPONENT - Characters Whale GenderFlower renders correctly 1`] = `
.c0 {
  top: 13.4rem;
  left: 8rem;
}

<GenderFlower
  className="c0"
/>
`;
