// Jest Snapshot v1, https://goo.gl/fbAQLP

exports[`COMPONENT - GenderProvider renders correctly 1`] = `null`;
