// Jest Snapshot v1, https://goo.gl/fbAQLP

exports[`COMPONENT - AppBar Logo renders correctly 1`] = `
.c0 {
  display: -webkit-box;
  display: -webkit-flex;
  display: -ms-flexbox;
  display: flex;
  -webkit-text-decoration: none;
  text-decoration: none;
  -webkit-align-items: center;
  -webkit-box-align: center;
  -ms-flex-align: center;
  align-items: center;
  height: 100%;
  cursor: pointer;
}

.c1 {
  padding-top: 0.6rem;
  padding-right: 1rem;
  margin-right: 1rem;
  border-right: 1px solid #222222;
}

.c2 {
  margin: 0;
  padding: 0;
  color: #222222;
  font-size: 1.2rem;
  line-height: 1.2;
  text-transform: uppercase;
}

<a
  className="c0"
  data-testid="logo"
  href="/"
  onClick={[Function]}
>
  <div
    className="c1"
  >
    <LogoIcon />
  </div>
  <p
    className="c2"
  >
    Daily scrum 
    <br />
    absurd answers
  </p>
</a>
`;
