// Jest Snapshot v1, https://goo.gl/fbAQLP

exports[`COMPONENT - Characters CharacterWrapper renders correctly 1`] = `
.c0 {
  padding: 0;
  padding-bottom: 3rem;
  position: relative;
}

@media (max-width:26.25em) {
  .c0 {
    padding-bottom: 0;
  }
}

<div
  className="c0"
/>
`;
