// Jest Snapshot v1, https://goo.gl/fbAQLP

exports[`COMPONENT - Characters GenderFlower renders correctly 1`] = `null`;
