// Jest Snapshot v1, https://goo.gl/fbAQLP

exports[`COMPONENT - RoleContent renders correctly 1`] = `
.c0 {
  max-width: 48rem;
  padding: 0 2rem;
  margin: 0 auto;
  position: relative;
  display: grid;
  grid-template-rows: 1fr auto;
  height: 100%;
  -webkit-align-items: end;
  -webkit-box-align: end;
  -ms-flex-align: end;
  align-items: end;
}

<div
  className="c0"
/>
`;
