// Jest Snapshot v1, https://goo.gl/fbAQLP

exports[`COMPONENT - Footer DesktopOnly renders correctly 1`] = `
@media (max-width:26.25em) {
  .c0 {
    display: none;
  }
}

<span
  className="c0"
/>
`;
