// Jest Snapshot v1, https://goo.gl/fbAQLP

exports[`COMPONENT - Footer Hitbox renders correctly 1`] = `
.c0 {
  display: -webkit-box;
  display: -webkit-flex;
  display: -ms-flexbox;
  display: flex;
  height: 3.6rem;
  white-space: nowrap;
  -webkit-align-items: center;
  -webkit-box-align: center;
  -ms-flex-align: center;
  align-items: center;
  -webkit-text-decoration: none;
  text-decoration: none;
  font-size: 1.4rem;
  font-weight: 400;
  color: rgba(34,34,34,0.4);
  border-radius: 0.6rem;
  outline: 0;
  -webkit-transition: all 150ms linear;
  transition: all 150ms linear;
}

.c0.focus-visible {
  box-shadow: -0.4rem 0 0 0 #ffdcfa,0.4rem 0 0 0 #ffdcfa;
  background-color: #ffdcfa;
}

<a
  className="c0"
/>
`;
