// Jest Snapshot v1, https://goo.gl/fbAQLP

exports[`COMPONENT - Footer Wrapper renders correctly 1`] = `
.c0 {
  background: #ffffff;
}

@media (max-width:31.25em) {
  .c0 {
    background: inherit;
  }
}

<footer
  className="c0"
/>
`;
