// Jest Snapshot v1, https://goo.gl/fbAQLP

exports[`COMPONENT - Header Wrapper renders correctly 1`] = `
.c0 {
  min-height: 100%;
  display: grid;
  grid-template-rows: auto 1fr auto;
}

<div
  className="c0"
/>
`;
